// Jest Snapshot v1, https://goo.gl/fbAQLP

exports[`renders correctly 1`] = `
<section
  className="cal-container"
>
  <h2>
    Lets do some
     
    <i>
       maths!
    </i>
  </h2>
  <div
    className="calculator"
  >
    <div
      className="container"
    >
      <div
        className="display"
      />
      <div
        className="keys"
      >
        <button
          className="btn"
          onClick={[Function]}
          type="button"
        >
          AC
        </button>
        <button
          className="btn"
          onClick={[Function]}
          type="button"
        >
          +/-
        </button>
        <button
          className="btn"
          onClick={[Function]}
          type="button"
        >
          %
        </button>
        <button
          className="btn"
          onClick={[Function]}
          type="button"
        >
          รท
        </button>
        <button
          className="btn"
          onClick={[Function]}
          type="button"
        >
          7
        </button>
        <button
          className="btn"
          onClick={[Function]}
          type="button"
        >
          8
        </button>
        <button
          className="btn"
          onClick={[Function]}
          type="button"
        >
          9
        </button>
        <button
          className="btn"
          onClick={[Function]}
          type="button"
        >
          x
        </button>
        <button
          className="btn"
          onClick={[Function]}
          type="button"
        >
          4
        </button>
        <button
          className="btn"
          onClick={[Function]}
          type="button"
        >
          5
        </button>
        <button
          className="btn"
          onClick={[Function]}
          type="button"
        >
          6
        </button>
        <button
          className="btn"
          onClick={[Function]}
          type="button"
        >
          -
        </button>
        <button
          className="btn"
          onClick={[Function]}
          type="button"
        >
          1
        </button>
        <button
          className="btn"
          onClick={[Function]}
          type="button"
        >
          2
        </button>
        <button
          className="btn"
          onClick={[Function]}
          type="button"
        >
          3
        </button>
        <button
          className="btn"
          onClick={[Function]}
          type="button"
        >
          +
        </button>
        <button
          className="btn"
          onClick={[Function]}
          type="button"
        >
          0
        </button>
        <button
          className="btn"
          onClick={[Function]}
          type="button"
        >
          .
        </button>
        <button
          className="btn"
          onClick={[Function]}
          type="button"
        >
          =
        </button>
      </div>
    </div>
  </div>
</section>
`;
